[    0.000000] Initializing cgroup subsys cpuset
[    0.000000] Initializing cgroup subsys cpu
[    0.000000] Initializing cgroup subsys cpuacct
[    0.000000] Linux version 4.4.0-91-generic (buildd@lcy01-11) (gcc version 5.4.0 20160609 (Ubuntu 5.4.0-6ubuntu1~16.04.4) ) #114-Ubuntu SMP Tue Aug 8 11:56:56 UTC 2017 (Ubuntu 4.4.0-91.114-generic 4.4.76)
[    0.000000] Command line: BOOT_IMAGE=/boot/vmlinuz-4.4.0-91-generic root=LABEL=cloudimg-rootfs ro console=tty1 console=ttyS0
[    0.000000] KERNEL supported cpus:
[    0.000000]   Intel GenuineIntel
[    0.000000]   AMD AuthenticAMD
[    0.000000]   Centaur CentaurHauls
[    0.000000] x86/fpu: xstate_offset[2]:  576, xstate_sizes[2]:  256
[    0.000000] x86/fpu: Supporting XSAVE feature 0x01: 'x87 floating point registers'
[    0.000000] x86/fpu: Supporting XSAVE feature 0x02: 'SSE registers'
[    0.000000] x86/fpu: Supporting XSAVE feature 0x04: 'AVX registers'
[    0.000000] x86/fpu: Enabled xstate features 0x7, context size is 832 bytes, using 'standard' format.
[    0.000000] x86/fpu: Using 'lazy' FPU context switches.
[    0.000000] e820: BIOS-provided physical RAM map:
[    0.000000] BIOS-e820: [mem 0x0000000000000000-0x000000000009fbff] usable
[    0.000000] BIOS-e820: [mem 0x000000000009fc00-0x000000000009ffff] reserved
[    0.000000] BIOS-e820: [mem 0x00000000000f0000-0x00000000000fffff] reserved
[    0.000000] BIOS-e820: [mem 0x0000000000100000-0x000000003ffeffff] usable
[    0.000000] BIOS-e820: [mem 0x000000003fff0000-0x000000003fffffff] ACPI data
[    0.000000] BIOS-e820: [mem 0x00000000fec00000-0x00000000fec00fff] reserved
[    0.000000] BIOS-e820: [mem 0x00000000fee00000-0x00000000fee00fff] reserved
[    0.000000] BIOS-e820: [mem 0x00000000fffc0000-0x00000000ffffffff] reserved
[    0.000000] NX (Execute Disable) protection: active
[    0.000000] SMBIOS 2.5 present.
[    0.000000] Hypervisor detected: KVM
[    0.000000] e820: last_pfn = 0x3fff0 max_arch_pfn = 0x400000000
[    0.000000] MTRR: Disabled
[    0.000000] x86/PAT: MTRRs disabled, skipping PAT initialization too.
[    0.000000] x86/PAT: Configuration [0-7]: WB  WT  UC- UC  WB  WT  UC- UC  
[    0.000000] CPU MTRRs all blank - virtualized system.
[    0.000000] found SMP MP-table at [mem 0x0009fff0-0x0009ffff] mapped at [ffff88000009fff0]
[    0.000000] Scanning 1 areas for low memory corruption
[    0.000000] RAMDISK: [mem 0x36ac6000-0x3755afff]
[    0.000000] ACPI: Early table checksum verification disabled
[    0.000000] ACPI: RSDP 0x00000000000E0000 000024 (v02 VBOX  )
[    0.000000] ACPI: XSDT 0x000000003FFF0030 00003C (v01 VBOX   VBOXXSDT 00000001 ASL  00000061)
[    0.000000] ACPI: FACP 0x000000003FFF00F0 0000F4 (v04 VBOX   VBOXFACP 00000001 ASL  00000061)
[    0.000000] ACPI: DSDT 0x000000003FFF0470 0021FF (v02 VBOX   VBOXBIOS 00000002 INTL 20100528)
[    0.000000] ACPI: FACS 0x000000003FFF0200 000040
[    0.000000] ACPI: FACS 0x000000003FFF0200 000040
[    0.000000] ACPI: APIC 0x000000003FFF0240 00005C (v02 VBOX   VBOXAPIC 00000001 ASL  00000061)
[    0.000000] ACPI: SSDT 0x000000003FFF02A0 0001CC (v01 VBOX   VBOXCPUT 00000002 INTL 20100528)
[    0.000000] No NUMA configuration found
[    0.000000] Faking a node at [mem 0x0000000000000000-0x000000003ffeffff]
[    0.000000] NODE_DATA(0) allocated [mem 0x3ffeb000-0x3ffeffff]
[    0.000000] kvm-clock: Using msrs 4b564d01 and 4b564d00
[    0.000000] kvm-clock: cpu 0, msr 0:3ffe3001, primary cpu clock
[    0.000000] kvm-clock: using sched offset of 3537681080 cycles
[    0.000000] clocksource: kvm-clock: mask: 0xffffffffffffffff max_cycles: 0x1cd42e4dffb, max_idle_ns: 881590591483 ns
[    0.000000] Zone ranges:
[    0.000000]   DMA      [mem 0x0000000000001000-0x0000000000ffffff]
[    0.000000]   DMA32    [mem 0x0000000001000000-0x000000003ffeffff]
[    0.000000]   Normal   empty
[    0.000000]   Device   empty
[    0.000000] Movable zone start for each node
[    0.000000] Early memory node ranges
[    0.000000]   node   0: [mem 0x0000000000001000-0x000000000009efff]
[    0.000000]   node   0: [mem 0x0000000000100000-0x000000003ffeffff]
[    0.000000] Initmem setup node 0 [mem 0x0000000000001000-0x000000003ffeffff]
[    0.000000] ACPI: PM-Timer IO Port: 0x4008
[    0.000000] IOAPIC[0]: apic_id 2, version 32, address 0xfec00000, GSI 0-23
[    0.000000] ACPI: INT_SRC_OVR (bus 0 bus_irq 0 global_irq 2 dfl dfl)
[    0.000000] ACPI: INT_SRC_OVR (bus 0 bus_irq 9 global_irq 9 high level)
[    0.000000] Using ACPI (MADT) for SMP configuration information
[    0.000000] smpboot: Allowing 2 CPUs, 0 hotplug CPUs
[    0.000000] PM: Registered nosave memory: [mem 0x00000000-0x00000fff]
[    0.000000] PM: Registered nosave memory: [mem 0x0009f000-0x0009ffff]
[    0.000000] PM: Registered nosave memory: [mem 0x000a0000-0x000effff]
[    0.000000] PM: Registered nosave memory: [mem 0x000f0000-0x000fffff]
[    0.000000] e820: [mem 0x40000000-0xfebfffff] available for PCI devices
[    0.000000] Booting paravirtualized kernel on KVM
[    0.000000] clocksource: refined-jiffies: mask: 0xffffffff max_cycles: 0xffffffff, max_idle_ns: 7645519600211568 ns
[    0.000000] setup_percpu: NR_CPUS:512 nr_cpumask_bits:512 nr_cpu_ids:2 nr_node_ids:1
[    0.000000] PERCPU: Embedded 33 pages/cpu @ffff88003fc00000 s98264 r8192 d28712 u1048576
[    0.000000] PV qspinlock hash table entries: 256 (order: 0, 4096 bytes)
[    0.000000] Built 1 zonelists in Node order, mobility grouping n.  Total pages: 257913
[   0.000000] Policy zone: DMA32
[    0.000000] Kernel command line: BOOT_IMAGE=/boot/vmlinuz-4.4.0-91-generic root=LABEL=cloudimg-rootfs ro console=tty1 console=ttyS0
[    0.000000] PID hash table entries: 4096 (order: 3, 32768 bytes)
[    0.000000] Memory: 1001740K/1048120K available (8474K kernel code, 1294K rwdata, 3984K rodata, 1488K init, 1316K bss, 46380K reserved, 0K cma-reserved)
[    0.000000] SLUB: HWalign=64, Order=0-3, MinObjects=0, CPUs=2, Nodes=1
[    0.000000] Hierarchical RCU implementation.
[    0.000000] 	Build-time adjustment of leaf fanout to 64.
[    0.000000] 	RCU restricting CPUs from NR_CPUS=512 to nr_cpu_ids=2.
[    0.000000] RCU: Adjusting geometry for rcu_fanout_leaf=64, nr_cpu_ids=2
[    0.000000] NR_IRQS:33024 nr_irqs:440 16
[    0.000000] Console: colour VGA+ 80x25
[    0.000000] console [tty1] enabled
[    0.000000] console [ttyS0] enabled
[    0.000000] tsc: Detected 3000.000 MHz processor
[   10.699010] Calibrating delay loop (skipped) preset value.. 6000.00 BogoMIPS (lpj=12000000)
[   10.880010] pid_max: default: 32768 minimum: 301
[   10.979196] ACPI: Core revision 20150930
[   11.055958] ACPI: 2 ACPI AML tables successfully acquired and loaded
[   11.204959] Security Framework initialized
[   11.301788] Yama: becoming mindful.
[   11.375055] AppArmor: AppArmor initialized
[   11.464650] Dentry cache hash table entries: 131072 (order: 8, 1048576 bytes)
[   11.608510] Inode-cache hash table entries: 65536 (order: 7, 524288 bytes)
[   11.756361] Mount-cache hash table entries: 2048 (order: 2, 16384 bytes)
[   11.903383] Mountpoint-cache hash table entries: 2048 (order: 2, 16384 bytes)
[   12.054295] Initializing cgroup subsys io
[   12.101238] Initializing cgroup subsys memory
[   12.126349] Initializing cgroup subsys devices
[   12.139919] Initializing cgroup subsys freezer
[   12.156918] Initializing cgroup subsys net_cls
[   12.177405] Initializing cgroup subsys perf_event
[   12.213999] Initializing cgroup subsys net_prio
[   12.237713] Initializing cgroup subsys hugetlb
[   12.253745] Initializing cgroup subsys pids
[   12.270842] CPU: Physical Processor ID: 0
[   12.282988] CPU: Processor Core ID: 0
[   12.295798] mce: CPU supports 0 MCE banks
[   12.302789] Last level iTLB entries: 4KB 1024, 2MB 1024, 4MB 1024
[   12.328388] Last level dTLB entries: 4KB 1024, 2MB 1024, 4MB 1024, 1GB 4
[   12.466401] Freeing SMP alternatives memory: 32K (ffffffff820b9000 - ffffffff820c1000)
[   12.508297] ftrace: allocating 32131 entries in 126 pages
[   12.582177] smpboot: APIC(0) Converting physical 0 to logical package 0
[   12.660915] smpboot: Max logical packages: 1
[   12.676943] x2apic enabled
[   12.708611] Switched APIC routing to physical x2apic.
[   12.751336] ..TIMER: vector=0x30 apic1=0 pin1=2 apic2=-1 pin2=-1
[   12.908094] smpboot: CPU0: Intel(R) Core(TM) i7-4578U CPU @ 3.00GHz (family: 0x6, model: 0x45, stepping: 0x1)
[   13.011523] Performance Events: unsupported p6 CPU model 69 no PMU driver, software events only.
[   13.066092] KVM setup paravirtual spinlock
[   13.099950] x86: Booting SMP configuration:
[   13.124398] .... node  #0, CPUs:      #1
[   13.151659] kvm-clock: cpu 1, msr 0:3ffe3041, secondary cpu clock
[   13.230803] mce: CPU supports 0 MCE banks
[   13.260814] x86: Booted up 1 node, 2 CPUs
[   13.276666] smpboot: Total of 2 processors activated (12000.00 BogoMIPS)
[   13.314475] devtmpfs: initialized
[   13.333370] evm: security.selinux
[   13.352844] evm: security.SMACK64
[   13.382390] evm: security.SMACK64EXEC
[   13.420811] evm: security.SMACK64TRANSMUTE
[   13.451521] evm: security.SMACK64MMAP
[   13.479999] evm: security.ima
[   13.502282] evm: security.capability
[   13.526461] clocksource: jiffies: mask: 0xffffffff max_cycles: 0xffffffff, max_idle_ns: 7645041785100000 ns
[   13.574440] futex hash table entries: 512 (order: 3, 32768 bytes)
[   13.597353] pinctrl core: initialized pinctrl subsystem
[   13.616229] RTC time: 21:45:16, date: 10/20/17
[   13.643140] NET: Registered protocol family 16
[   13.680890] cpuidle: using governor ladder
[   13.725221] cpuidle: using governor menu
[   13.745345] PCCT header not found.
[   13.779516] ACPI: bus type PCI registered
[   13.798395] acpiphp: ACPI Hot Plug PCI Controller Driver version: 0.5
[   13.854631] PCI: Using configuration type 1 for base access
[   13.975312] ACPI: Added _OSI(Module Device)
[   14.041764] ACPI: Added _OSI(Processor Device)
[   14.145459] ACPI: Added _OSI(3.0 _SCP Extensions)
[   14.235908] ACPI: Added _OSI(Processor Aggregator Device)
[   14.346935] ACPI: Executed 1 blocks of module-level executable AML code
[   14.445329] ACPI: Interpreter enabled
[   14.516123] ACPI: (supports S0 S5)
[   14.595525] ACPI: Using IOAPIC for interrupt routing
[   14.689078] PCI: Using host bridge windows from ACPI; if necessary, use "pci=nocrs" and report a bug
[   14.886060] ACPI: PCI Root Bridge [PCI0] (domain 0000 [bus 00-ff])
[   15.013463] acpi PNP0A03:00: _OSC: OS supports [ASPM ClockPM Segments MSI]
[   15.151719] acpi PNP0A03:00: _OSC: not requesting OS control; OS requires [ExtendedConfig ASPM ClockPM MSI]
[   15.371856] acpi PNP0A03:00: fail to add MMCONFIG information, can't access extended PCI configuration space under this bridge.
[   15.575646] PCI host bridge to bus 0000:00
[   15.676092] pci_bus 0000:00: root bus resource [io  0x0000-0x0cf7 window]
[   15.799096] pci_bus 0000:00: root bus resource [io  0x0d00-0xffff window]
[   15.923158] pci_bus 0000:00: root bus resource [mem 0x000a0000-0x000bffff window]
[   16.068630] pci_bus 0000:00: root bus resource [mem 0x40000000-0xffdfffff window]
[   16.171176] pci_bus 0000:00: root bus resource [bus 00-ff]
[   16.299665] pci 0000:00:01.1: legacy IDE quirk: reg 0x10: [io  0x01f0-0x01f7]
[   16.436497] pci 0000:00:01.1: legacy IDE quirk: reg 0x14: [io  0x03f6]
[   16.555066] pci 0000:00:01.1: legacy IDE quirk: reg 0x18: [io  0x0170-0x0177]
[   16.675361] pci 0000:00:01.1: legacy IDE quirk: reg 0x1c: [io  0x0376]
[   16.789203] pci 0000:00:07.0: quirk: [io  0x4000-0x403f] claimed by PIIX4 ACPI
[   16.939511] pci 0000:00:07.0: quirk: [io  0x4100-0x410f] claimed by PIIX4 SMB
[   17.121054] ACPI: PCI Interrupt Link [LNKA] (IRQs 5 9 10 *11)
[   17.218709] ACPI: PCI Interrupt Link [LNKB] (IRQs 5 9 10 *11)
[   17.295178] ACPI: PCI Interrupt Link [LNKC] (IRQs 5 9 *10 11)
[   17.412615] ACPI: PCI Interrupt Link [LNKD] (IRQs 5 *9 10 11)
[   17.504670] ACPI: Enabled 2 GPEs in block 00 to 07
[   17.573721] vgaarb: setting as boot device: PCI:0000:00:02.0
[   17.681040] vgaarb: device added: PCI:0000:00:02.0,decodes=io+mem,owns=io+mem,locks=none
[   17.841459] vgaarb: loaded
[   17.896255] vgaarb: bridge control possible 0000:00:02.0
[   17.997474] SCSI subsystem initialized
[   18.046809] ACPI: bus type USB registered
[   18.137734] usbcore: registered new interface driver usbfs
[   18.242259] usbcore: registered new interface driver hub
[   18.352466] usbcore: registered new device driver usb
[   18.450517] PCI: Using ACPI for IRQ routing
[   18.521014] NetLabel: Initializing
[   18.581550] NetLabel:  domain hash size = 128
[   18.659480] NetLabel:  protocols = UNLABELED CIPSOv4
[   18.756989] NetLabel:  unlabeled traffic allowed by default
[   18.854778] amd_nb: Cannot enumerate AMD northbridges
[   18.947393] clocksource: Switched to clocksource kvm-clock
[   19.078696] AppArmor: AppArmor Filesystem Enabled
[   19.195946] pnp: PnP ACPI init
[   19.274062] pnp: PnP ACPI: found 3 devices
[   19.395472] clocksource: acpi_pm: mask: 0xffffff max_cycles: 0xffffff, max_idle_ns: 2085701024 ns
[   19.615064] NET: Registered protocol family 2
[   19.738167] TCP established hash table entries: 8192 (order: 4, 65536 bytes)
[   19.918019] TCP bind hash table entries: 8192 (order: 5, 131072 bytes)
[   20.077434] TCP: Hash tables configured (established 8192 bind 8192)
[   20.272317] UDP hash table entries: 512 (order: 2, 16384 bytes)
[   20.414382] UDP-Lite hash table entries: 512 (order: 2, 16384 bytes)
[   20.591954] NET: Registered protocol family 1
[   20.707830] pci 0000:00:00.0: Limiting direct PCI/PCI transfers
[   20.862358] pci 0000:00:01.0: Activating ISA DMA hang workarounds
[   21.011132] Unpacking initramfs...
[   23.012530] Freeing initrd memory: 10836K (ffff880036ac6000 - ffff88003755b000)
[   23.051884] RAPL PMU detected, API unit is 2^-32 Joules, 4 fixed counters 10737418240 ms ovfl timer
[   23.136737] hw unit of domain pp0-core 2^-0 Joules
[   23.178138] hw unit of domain package 2^-0 Joules
[   23.188773] hw unit of domain dram 2^-0 Joules
[   23.196218] hw unit of domain pp1-gpu 2^-0 Joules
[   23.214174] platform rtc_cmos: registered platform RTC device (no PNP device found)
[   23.267073] Scanning for low memory corruption every 60 seconds
[   23.287335] audit: initializing netlink subsys (disabled)
[   23.360722] audit: type=2000 audit(1508535912.945:1): initialized
[   23.383955] Initialise system trusted keyring
[   23.399470] HugeTLB registered 2 MB page size, pre-allocated 0 pages
[   23.414357] zbud: loaded
[   23.428407] VFS: Disk quotas dquot_6.6.0
[   23.458085] VFS: Dquot-cache hash table entries: 512 (order 0, 4096 bytes)
[   23.480290] squashfs: version 4.0 (2009/01/31) Phillip Lougher
[   23.524257] fuse init (API version 7.23)
[   23.532691] Key type big_key registered
[   23.542521] Allocating IMA MOK and blacklist keyrings.
[   23.561828] Key type asymmetric registered
[   23.608292] Asymmetric key parser 'x509' registered
[   23.626941] Block layer SCSI generic (bsg) driver version 0.4 loaded (major 249)
[   23.673218] io scheduler noop registered
[   23.684103] io scheduler deadline registered (default)
[   23.707304] io scheduler cfq registered
[   23.716440] pci_hotplug: PCI Hot Plug PCI Core version: 0.5
[   23.725232] pciehp: PCI Express Hot Plug Controller Driver version: 0.4
[   23.760972] ACPI: AC Adapter [AC] (off-line)
[   23.776099] input: Power Button as /devices/LNXSYSTM:00/LNXPWRBN:00/input/input0
[   23.792522] ACPI: Power Button [PWRF]
[   23.832267] input: Sleep Button as /devices/LNXSYSTM:00/LNXSLPBN:00/input/input1
[   23.908595] ACPI: Sleep Button [SLPF]
[   23.985333] ACPI: Battery Slot [BAT0] (battery present)
[   24.107525] GHES: HEST is not enabled!
[   24.203945] Serial: 8250/16550 driver, 32 ports, IRQ sharing enabled
[   24.211694] tsc: Refined TSC clocksource calibration: 3000.645 MHz
[   24.211696] clocksource: tsc: mask: 0xffffffffffffffff max_cycles: 0x2b40a6c2eff, max_idle_ns: 440795254796 ns
[   24.478788] 00:02: ttyS0 at I/O 0x3f8 (irq = 4, base_baud = 115200) is a 16550A
[   24.540196] Linux agpgart interface v0.103
[   24.579670] loop: module loaded
[   24.602033] scsi host0: ata_piix
[   24.614118] scsi host1: ata_piix
[   24.617843] ata1: PATA max UDMA/33 cmd 0x1f0 ctl 0x3f6 bmdma 0xd000 irq 14
[   24.660190] ata2: PATA max UDMA/33 cmd 0x170 ctl 0x376 bmdma 0xd008 irq 15
[   24.750155] libphy: Fixed MDIO Bus: probed
[   24.788245] tun: Universal TUN/TAP device driver, 1.6
[   24.823672] tun: (C) 1999-2004 Max Krasnyansky <maxk@qualcomm.com>
[   24.860651] PPP generic driver version 2.4.2
[   24.884171] ehci_hcd: USB 2.0 'Enhanced' Host Controller (EHCI) Driver
[   24.946409] ehci-pci: EHCI PCI platform driver
[   24.983384] ehci-platform: EHCI generic platform driver
[   25.023667] ohci_hcd: USB 1.1 'Open' Host Controller (OHCI) Driver
[   25.048340] ohci-pci: OHCI PCI platform driver
[   25.073088] ohci-platform: OHCI generic platform driver
[   25.094147] uhci_hcd: USB Universal Host Controller Interface driver
[   25.126554] i8042: PNP: PS/2 Controller [PNP0303:PS2K,PNP0f03:PS2M] at 0x60,0x64 irq 1,12
[   25.150580] serio: i8042 KBD port at 0x60,0x64 irq 1
[   25.262128] serio: i8042 AUX port at 0x60,0x64 irq 12
[   25.356267] mousedev: PS/2 mouse device common for all mice
[   25.456364] rtc_cmos rtc_cmos: rtc core: registered rtc_cmos as rtc0
[   25.533974] input: AT Translated Set 2 keyboard as /devices/platform/i8042/serio0/input/input2
[   25.648465] rtc_cmos rtc_cmos: alarms up to one day, 114 bytes nvram
[   25.790130] i2c /dev entries driver
[   25.853827] device-mapper: uevent: version 1.0.3
[   25.965957] device-mapper: ioctl: 4.34.0-ioctl (2015-10-28) initialised: dm-devel@redhat.com
[   26.040259] ledtrig-cpu: registered to indicate activity on CPUs
[   26.136012] NET: Registered protocol family 10
[   26.212042] NET: Registered protocol family 17
[   26.293762] Key type dns_resolver registered
[   26.359149] microcode: CPU0 sig=0x40651, pf=0x40, revision=0x0
[   26.519846] microcode: CPU1 sig=0x40651, pf=0x40, revision=0x0
[   26.617107] microcode: Microcode Update Driver: v2.01 <tigran@aivazian.fsnet.co.uk>, Peter Oruba
[   26.679158] registered taskstats version 1
[   26.760344] Loading compiled-in X.509 certificates
[   26.846977] Loaded X.509 cert 'Build time autogenerated kernel key: 0777615d5208f86b8b4bd2fb3aecc97a191f2831'
[   27.060811] zswap: loaded using pool lzo/zbud
[   27.138340] Key type trusted registered
[   27.247030] Key type encrypted registered
[   27.343701] AppArmor: AppArmor sha1 policy hashing enabled
[   27.391217] ima: No TPM chip found, activating TPM-bypass!
[   27.451323] evm: HMAC attrs: 0x1
[   27.468456]   Magic number: 5:991:803
[   27.495504] rtc_cmos rtc_cmos: setting system clock to 2017-10-20 21:45:30 UTC (1508535930)
[   27.621147] BIOS EDD facility v0.16 2004-Jun-25, 0 devices found
[   27.731476] EDD information not available.
[   27.775912] Freeing unused kernel memory: 1488K (ffffffff81f45000 - ffffffff820b9000)
[   27.897944] Write protecting the kernel read-only data: 14336k
[   27.993412] Freeing unused kernel memory: 1752K (ffff88000184a000 - ffff880001a00000)
[   28.144742] Freeing unused kernel memory: 112K (ffff880001de4000 - ffff880001e00000)
Loading, please [   28.319093] random: systemd-udevd: uninitialized urandom read (16 bytes read, 4 bits of entropy available)
wait...
startin[   28.319714] random: udevadm: uninitialized urandom read (16 bytes read, 4 bits of entropy available)
g version 229
[   28.319743] random: udevadm: uninitialized urandom read (16 bytes read, 4 bits of entropy available)
[   28.319833] random: udevadm: uninitialized urandom read (16 bytes read, 4 bits of entropy available)
[   28.319866] random: udevadm: uninitialized urandom read (16 bytes read, 4 bits of entropy available)
[   28.319896] random: udevadm: uninitialized urandom read (16 bytes read, 4 bits of entropy available)
[   28.319927] random: udevadm: uninitialized urandom read (16 bytes read, 4 bits of entropy available)
[   28.319958] random: udevadm: uninitialized urandom read (16 bytes read, 4 bits of entropy available)
[   28.319986] random: udevadm: uninitialized urandom read (16 bytes read, 4 bits of entropy available)
[   28.320015] random: udevadm: uninitialized urandom read (16 bytes read, 4 bits of entropy available)
[   30.101670] e1000: Intel(R) PRO/1000 Network Driver - version 7.3.21-k8-NAPI
[   30.223219] e1000: Copyright (c) 1999-2006 Intel Corporation.
[   30.314211] Fusion MPT base driver 3.04.20
[   30.369401] Copyright (c) 1999-2008 LSI Corporation
[   30.452179] Fusion MPT SPI Host driver 3.04.20
[   30.495796] AVX version of gcm_enc/dec engaged.
[   30.534760] AES CTR mode by8 optimization enabled
[   30.651896] input: ImExPS/2 Generic Explorer Mouse as /devices/platform/i8042/serio1/input/input4
[   30.805313] e1000 0000:00:03.0 eth0: (PCI:33MHz:32-bit) 02:50:7f:03:3f:72
[   31.001153] e1000 0000:00:03.0 eth0: Intel(R) PRO/1000 Network Connection
[   31.132643] mptbase: ioc0: Initiating bringup
[   31.264189] ioc0: LSI53C1030 A0: Capabilities={Initiator}
[   31.537939] scsi host2: ioc0: LSI53C1030 A0, FwRev=00000000h, Ports=1, MaxQ=256, IRQ=20
[   31.832416] scsi 2:0:0:0: Direct-Access     VBOX     HARDDISK         1.0  PQ: 0 ANSI: 5
[   31.934989] scsi target2:0:0: Beginning Domain Validation
[   32.001243] scsi target2:0:0: Domain Validation skipping write tests
[   32.091842] scsi target2:0:0: Ending Domain Validation
[   32.121066] scsi target2:0:0: asynchronous
[   32.224917] e1000 0000:00:08.0 eth1: (PCI:33MHz:32-bit) 08:00:27:0c:03:28
[   32.224922] e1000 0000:00:08.0 eth1: Intel(R) PRO/1000 Network Connection
[   32.415180] e1000 0000:00:03.0 enp0s3: renamed from eth0
[   32.559246] scsi 2:0:1:0: Direct-Access     VBOX     HARDDISK         1.0  PQ: 0 ANSI: 5
[   32.564532] e1000 0000:00:08.0 enp0s8: renamed from eth1
[   32.603291] scsi target2:0:1: Beginning Domain Validation
[   32.642640] scsi target2:0:1: Domain Validation skipping write tests
[   32.675941] scsi target2:0:1: Ending Domain Validation
[   32.710136] scsi target2:0:1: asynchronous
[   32.737307] sd 2:0:0:0: Attached scsi generic sg0 type 0
[   32.783134] sd 2:0:0:0: [sda] 20971520 512-byte logical blocks: (10.7 GB/10.0 GiB)
[   32.850891] sd 2:0:1:0: [sdb] 20480 512-byte logical blocks: (10.5 MB/10.0 MiB)
[   32.881424] sd 2:0:1:0: Attached scsi generic sg1 type 0
[   32.881631] sd 2:0:0:0: [sda] Write Protect is off
[   32.946021] sd 2:0:0:0: [sda] Incomplete mode parameter data
[   32.946028] sd 2:0:1:0: [sdb] Write Protect is off
[   32.946197] sd 2:0:1:0: [sdb] Incomplete mode parameter data
[   32.946198] sd 2:0:1:0: [sdb] Assuming drive cache: write through
[   32.977171] sd 2:0:1:0: [sdb] Attached SCSI disk
[   33.170995] sd 2:0:0:0: [sda] Assuming drive cache: write through
[   33.252652]  sda: sda1
[   33.303981] sd 2:0:0:0: [sda] Attached SCSI disk
[   33.500357] floppy0: no floppy controllers found
Begin: Loading e[   34.911972] md: linear personality registered for level -1
ssential drivers[   35.045607] md: multipath personality registered for level -4
 ... [   35.200969] md: raid0 personality registered for level 0
[   35.326243] md: raid1 personality registered for level 1
[   35.495798] raid6: sse2x1   gen() 10126 MB/s
[   35.628656] raid6: sse2x1   xor()  5170 MB/s
[   35.799538] raid6: sse2x2   gen()  5254 MB/s
[   35.979497] raid6: sse2x2   xor()  7964 MB/s
[   36.115492] raid6: sse2x4   gen() 13674 MB/s
[   36.235781] raid6: sse2x4   xor() 10279 MB/s
[   36.312973] raid6: using algorithm sse2x4 gen() 13674 MB/s
[   36.428138] raid6: .... xor() 10279 MB/s, rmw enabled
[   36.523407] raid6: using ssse3x2 recovery algorithm
[   36.629304] xor: automatically using best checksumming function:
[   36.783418]    avx       : 22803.000 MB/sec
[   36.869941] async_tx: api initialized (async)
[   36.932738] md: raid6 personality registered for level 6
[   37.002141] md: raid5 personality registered for level 5
[   37.104831] md: raid4 personality registered for level 4
[   37.246816] md: raid10 personality registered for level 10
done.
Begin: Running /scripts/init-p[   37.398957] Btrfs loaded
remount ... done.
Begin: Mounting root file system ... Begin: R[   37.515458] EXT4-fs (sda1): mounted filesystem with ordered data mode. Opts: (null)
unning /scripts/local-top ... done.
Begin: Running /scripts/local-premount ... Scanning for Btrfs filesystems
done.
Warning: fsck not present, so skipping root file system
done.
Begin: Running /scripts/local-bottom ... done.
Begin: Running /scripts/init-bottom ... done.
[   37.887735] systemd[1]: systemd 229 running in system mode. (+PAM +AUDIT +SELINUX +IMA +APPARMOR +SMACK +SYSVINIT +UTMP +LIBCRYPTSETUP +GCRYPT +GNUTLS +ACL +XZ -LZ4 +SECCOMP +BLKID +ELFUTILS +KMOD -IDN)
[   38.247765] systemd[1]: Detected virtualization oracle.
[   38.362347] systemd[1]: Detected architecture x86-64.

Welcome to [1mUbuntu 16.04.3 LTS[0m!

[   38.568577] systemd[1]: Set hostname to <ubuntu>.
[   38.713261] systemd[1]: Initializing machine ID from random generator.
[   38.863091] systemd[1]: Installed transient /etc/machine-id file.
[   39.175606] systemd[1]: Created slice User and Session Slice.
[[0;32m  OK  [0m] Created slice User and Session Slice.
[   39.244031] systemd[1]: Listening on udev Control Socket.
[[0;32m  OK  [0m] Listening on udev Control Socket.
[   39.308670] systemd[1]: Listening on udev Kernel Socket.
[[0;32m  OK  [0m] Listening on udev Kernel Socket.
[   39.363019] systemd[1]: Listening on Journal Socket.
[[0;32m  OK  [0m] Listening on Journal Socket.
[   39.438513] systemd[1]: Reached target User and Group Name Lookups.
[[0;32m  OK  [0m] Reached target User and Group Name Lookups.
[   39.533574] systemd[1]: Listening on Device-mapper event daemon FIFOs.
[[0;32m  OK  [0m] Listening on Device-mapper event daemon FIFOs.
[   39.660451] systemd[1]: Set up automount Arbitrary Executable File Formats File System Automount Point.
[[0;32m  OK  [0m] Set up automount Arbitrary Executab...ats File System Automount Point.
[   40.000026] systemd[1]: Listening on Syslog Socket.
[[0;32m  OK  [0m] Listening on Syslog Socket.
[   40.188178] systemd[1]: Created slice System Slice.
[[0;32m  OK  [0m] Created slice System Slice.
[   40.284196] systemd[1]: Starting Create list of required static device nodes for the current kernel...
         Starting Create list of required st... nodes for the current kernel...
[   40.360965] systemd[1]: Starting Load Kernel Modules...
[   40.465881] Loading iSCSI transport class v2.0-870.
         Startin[   40.562006] random: nonblocking pool is initialized
g Load Kernel Mo[   40.714149] iscsi: registered transport (tcp)
dules...
[   40.847966] systemd[1]: Created slice system-serial\x2dgetty.slice.
[[0;32m  OK  [[   40.991764] iscsi: registered transport (iser)
0m] Created slice system-serial\x2dgetty.slice.
[   41.130056] systemd[1]: Reached target Slices.
[[0;32m  OK  [0m] Reached target Slices.
[   41.339627] systemd[1]: Mounting Huge Pages File System...
         Mounting Huge Pages File System...
[   41.403807] systemd[1]: Mounting POSIX Message Queue File System...
         Mounting POSIX Message Queue File System...
[   41.512358] systemd[1]: Starting Uncomplicated firewall...
         Starting Uncomplicated firewall...
[   41.587927] systemd[1]: Listening on LVM2 metadata daemon socket.
[[0;32m  OK  [0m] Listening on LVM2 metadata daemon socket.
[   41.851828] systemd[1]: Listening on Journal Audit Socket.
[[0;32m  OK  [0m] Listening on Journal Audit Socket.
[   42.049861] systemd[1]: Reached target Encrypted Volumes.
[[0;32m  OK  [0m] Reached target Encrypted Volumes.
[   42.312250] systemd[1]: Listening on LVM2 poll daemon socket.
[[0;32m  OK  [0m] Listening on LVM2 poll daemon socket.
[   42.492182] systemd[1]: Listening on /dev/initctl Compatibility Named Pipe.
[[0;32m  OK  [0m] Listening on /dev/initctl Compatibility Named Pipe.
[   42.663879] systemd[1]: Started Forward Password Requests to Wall Directory Watch.
[[0;32m  OK  [0m] Started Forward Password Requests to Wall Directory Watch.
[   42.800118] systemd[1]: Reached target Swap.
[[0;32m  OK  [0m] Reached target Swap.
[   42.915918] systemd[1]: Listening on Journal Socket (/dev/log).
[[0;32m  OK  [0m] Listening on Journal Socket (/dev/log).
[   43.144460] systemd[1]: Starting Journal Service...
         Starting Journal Service...
[   43.295952] systemd[1]: Started Trigger resolvconf update for networkd DNS.
[[0;32m  OK  [0m] Started Trigger resolvconf update for networkd DNS.
[   43.527791] systemd[1]: Starting Remount Root and Kernel File Systems...
[   43.533910] EXT4-fs (sda1): re-mounted. Opts: (null)
         Starting Remount Root and Kernel File Systems...
[   43.767874] systemd[1]: Starting Nameserver information manager...
         Starting Nameserver information manager...
[   43.967940] systemd[1]: Starting Set console keymap...
         Starting Set console keymap...
[   44.120335] systemd[1]: Starting Monitoring of LVM2 mirrors, snapshots etc. using dmeventd or progress polling...
         Starting Monitoring of LVM2 mirrors... dmeventd or progress polling...
[   44.427887] systemd[1]: Mounting Debug File System...
         Mounting Debug File System...
[   44.609103] systemd[1]: Mounted Huge Pages File System.
[[0;32m  OK  [0m] Mounted Huge Pages File System.
[   44.728121] systemd[1]: Mounted Debug File System.
[[0;32m  OK  [0m] Mounted Debug File System.
[   44.872251] systemd[1]: Mounted POSIX Message Queue File System.
[[0;32m  OK  [0m] Mounted POSIX Message Queue File System.
[   45.036535] systemd[1]: Started Journal Service.
[[0;32m  OK  [0m] Started Journal Service.
[[0;32m  OK  [0m] Started Create list of required sta...ce nodes for the current kernel.
[[0;32m  OK  [0m] Started Load Kernel Modules.
[[0;32m  OK  [0m] Started Uncomplicated firewall.
[[0;32m  OK  [0m] Started Remount Root and Kernel File Systems.
[[0;32m  OK  [0m] Started Set console keymap.
[[0;32m  OK  [0m] Started Nameserver information manager.
[[0;32m  OK  [0m] Started LVM2 metadata daemon.
         Starting Initial cloud-init job (pre-networking)...
         Starting Load/Save Random Seed...
         Starting udev Coldplug all Devices...
         Starting Apply Kernel Variables...
         Mounting FUSE Control File System...
         Starting Create Static Device Nodes in /dev...
         Starting Flush Journal to Persistent Storage...
[[0;32m  OK  [0m] Mounted FUSE Control File System.
[[0;32m  OK  [0m] Started Monitoring of LVM2 mirrors,...ng dmeventd or progress polling.
[[0;32m  OK  [0m] Started Load/Save Random Seed.
[[0;32m  OK  [0m] Started Apply Kernel Variables.
[[0;32m  OK  [0m] Started Create Static Device Nodes in /dev.
[[0;32m  OK  [0m] Started udev Coldplug all Devices.
[[0;32m  OK  [0m] Started Flush Journal to Persistent Storage.
         Starting udev Kernel Device Manager...
[[0;32m  OK  [0m] Started udev Kernel Device Manager.
[[0;32m  OK  [0m] Started Dispatch Password Requests to Console Directory Watch.
[[0;32m  OK  [0m] Reached target Local File Systems (Pre).
[[0;32m  OK  [0m] Reached target Local File Systems.
         Starting LSB: AppArmor initialization...
         Starting Tell Plymouth To Write Out Runtime Data...
         Starting Commit a transient machine-id on disk...
         Starting Set console font and keymap...
         Starting Create Volatile Files and Directories...
[[0;32m  OK  [0m] Started Tell Plymouth To Write Out Runtime Data.
[[0;32m  OK  [0m] Started Commit a transient machine-id on disk.
[[0;32m  OK  [0m] Started Create Volatile Files and Directories.
[[0;32m  OK  [0m] Found device /dev/ttyS0.
[   29.667253] cloud-init[446]: Cloud-init v. 0.7.9 running 'init-local' at Fri, 20 Oct 2017 21:45:50 +0000. Up 29.15 seconds.
[[0;32m  OK  [0m] Started Initial cloud-init job (pre-networking).
[[0;32m  OK  [0m] Started LSB: AppArmor initialization.
[[0;32m  OK  [0m] Started Set console font and keymap.
[[0;32m  OK  [0m] Created slice system-getty.slice.
[[0;32m  OK  [0m] Reached target Network (Pre).
         Starting Raise network interfaces...
[[0;32m  OK  [0m] Listening on Load/Save RF Kill Switch Status /dev/rfkill Watch.
         Starting Update UTMP about System Boot/Shutdown...
[[0;32m  OK  [0m] Reached target System Time Synchronized.
[[0;32m  OK  [0m] Started Update UTMP about System Boot/Shutdown.
[[0;32m  OK  [0m] Started Raise network interfaces.
[[0;32m  OK  [0m] Reached target Network.
         Starting Initial cloud-init job (metadata service crawler)...
[   33.669555] cloud-init[957]: Cloud-init v. 0.7.9 running 'init' at Fri, 20 Oct 2017 21:45:54 +0000. Up 32.81 seconds.
[   33.712553] cloud-init[957]: ci-info: ++++++++++++++++++++++++++++++++++++++Net device info++++++++++++++++++++++++++++++++++++++
[   33.765170] cloud-init[957]: ci-info: +--------+-------+----------------------------+---------------+-------+-------------------+
[[0;32m  OK  [0m] Started Initial cloud-init job (metadata service crawler).
[[0;32m  OK  [0m] Reached target Cloud-config availability.
[[0;32m  OK  [0m] [   33.868060] Reached target Network is Online.cloud-init
[957]: ci-info: | Device |   Up  |          Address           |      Mask     | Scope |     Hw-Address    |
[   34.172632]          cloud-initStarting iSCSI initiator daemon (iscsid)...[957]: 
ci-info: +--------+-------+----------------------------+---------------+-------+-------------------+
[   34.352579] [cloud-init[0;32m  OK  [0m[957]: ] ci-info: |   lo   |  True |         127.0.0.1          |   255.0.0.0   |   .   |         .         |Reached target System Initialization.

[   34.353662] [cloud-init[0;32m  OK  [0m[957]: ] ci-info: |   lo   |  True |          ::1/128           |       .       |  host |         .         |Listening on D-Bus System Message Bus Socket.

[   34.712951] [cloud-init[0;32m  OK  [0m[957]: ] ci-info: | enp0s3 |  True |         10.0.2.15          | 255.255.255.0 |   .   | 02:50:7f:03:3f:72 |Started Timer to automatically refresh installed snaps.

[   34.714161]          Starting LXD - unix socket.
[[0;32m  OK  [0m] Started Daily apt download activities.
[[0;32m  OK  [0m] Started Daily apt upgrade and clean activities.
[[0;32m  OK  [0m] Started Daily Cleanup of Temporary Directories.
[[0;32m  OK  [0m] Reached target Timers.
[[0;32m  OK  [0m] Listening on UUID daemon activation socket.
cloud-init[957]: ci-info: | enp0s3 |  True | fe80::50:7fff:fe03:3f72/64 |       .       |  link | 02:50:7f:03:3f:72 |
[   35.289151] cloud-init[957]: ci-info: | enp0s8 | False |             .              |       .       |   .   | 08:00:27:0c:03:28 |
[[0;32m  OK  [0m] Started ACPI Events Check.
[[0;32m  OK  [0m] Reached target Paths.
[[0;32m  OK  [0m] Listening on ACPID Listen Socket.
[   35.289976] cloud-init[957]: ci-info: +--------+-------+----------------------------+---------------+-------+-------------------+
[   35.624441] cloud-init[957]: ci-info: +++++++++++++++++++++++++++Route IPv4 info++++++++++++++++++++++++++++
         Starting Socket activation for snappy daemon.
[   35.625244] cloud-init[957]: ci-info: +-------+-------------+----------+---------------+-----------+-------+
[   35.872674] [[0;32m  OK  [0m] Listening on LXD - unix socket.
cloud-init[957]: ci-info: | Route | Destination | Gateway  |    Genmask    | Interface | Flags |
[   36.012727] [cloud-init[0;32m  OK  [0m[957]: ] ci-info: +-------+-------------+----------+---------------+-----------+-------+Listening on Socket activation for snappy daemon.

[   36.013530] [cloud-init[0;32m  OK  [0m[957]: ] ci-info: |   0   |   0.0.0.0   | 10.0.2.2 |    0.0.0.0    |   enp0s3  |   UG  |Started iSCSI initiator daemon (iscsid).

[   36.337148]          cloud-initStarting Login to default iSCSI targets...[957]: 
ci-info: |   1   |   10.0.2.0  | 0.0.0.0  | 255.255.255.0 |   enp0s3  |   U   |
[   36.476821] [cloud-init[0;32m  OK  [0m[957]: ] ci-info: +-------+-------------+----------+---------------+-----------+-------+Reached target Sockets.

[[0;32m  OK  [0m] Reached target Basic System.
[[0;32m  OK  [0m] Started Unattended Upgrades Shutdown.
[   36.477994] cloud-init[957]: Generating public/private rsa key pair.
[   36.764654] [cloud-init[0;32m  OK  [0m[957]: ] Your identification has been saved in /etc/ssh/ssh_host_rsa_key.Started FUSE filesystem for LXC.

[   36.765477] cloud-init[957]: Your public key has been saved in /etc/ssh/ssh_host_rsa_key.pub.
[   37.005766]          cloud-initStarting System Logging Service...[957]: 
The key fingerprint is:
[   37.006893] cloud-init[957]: SHA256:nziRc88av9Pgx39aZyUUnaP2Tz3IvLy5Kh1JivgLeug root@ubuntu-xenial
[   37.196667] [cloud-init[0;32m  OK  [0m[957]: ] The key's randomart image is:Started Deferred execution scheduler.

[   37.197455] cloud-init[957]: +---[RSA 2048]----+
[   37.320707] [cloud-init[0;32m  OK  [0m[957]: ] |              ...|Started Regular background program processing daemon.

[   37.321537] cloud-init[957]: |               +.|
[   37.460450]          cloud-initStarting /etc/rc.local Compatibility...[957]: 
|              o .|
[   37.461977] cloud-init[957]: |         . . +   |
[   37.604506] [cloud-init[0;32m  OK  [0m[957]: ] |      . S + = + o|Started ACPI event daemon.

[   37.605641] cloud-init[957]: |     . . B *.+ ++|
[   37.736630]          cloud-initStarting Apply the settings specified in cloud-config...[957]: 
|    ... o =.=+..*|
[[0;32m  OK  [0m] Started D-Bus System Message Bus.
[   37.834814] cloud-init[957]: |   ..... o =oo=o+|
[   37.956302]          cloud-initStarting Login Service...[957]: 
|  .E.  .. o.+B+oo|
[   37.957199] cloud-init[957]: +----[SHA256]-----+
[   38.080489]          cloud-initStarting Accounts Service...[957]: 
Generating public/private dsa key pair.
[   38.196365] [cloud-init[0;32m  OK  [0m[957]: ] Your identification has been saved in /etc/ssh/ssh_host_dsa_key.Started Snappy daemon.

[   38.197078] cloud-init[957]: Your public key has been saved in /etc/ssh/ssh_host_dsa_key.pub.
[   38.424607]          cloud-initStarting LSB: Record successful boot for GRUB...[957]: 
The key fingerprint is:
[   38.528617]          cloud-initStarting Auto import assertions from block devices...[957]: 
SHA256:lDr4mwVOshZThDDsqyFXaUrQNe9R9ldM57UOMp7d4x8 root@ubuntu-xenial
[   38.660606]          cloud-initStarting LSB: MD monitoring daemon...[957]: 
The key's randomart image is:
[   38.661329] cloud-init[957]: +---[DSA 1024]----+
[   38.788307]          Starting Pollinate to seed the pseudo random number generator...
cloud-init[957]: | oooo.. o    oo o|
[   38.884685]          cloud-initStarting LXD - container startup/shutdown...[957]: 
|. o..+ o o   ..oo|
[[0;32m  OK  [0m] Started System Logging Service.
[[0;32m  OK  [0m] Started /etc/rc.local Compatibility.
[[0;32m  OK  [0m] Started Auto import assertions from block devices.
[[0;32m  OK  [0m] Started LXD - container startup/shutdown.
[   38.967696] cloud-init[957]: | o   .+ o .o.. ..|
[[0;32m  OK  [0m] Started Login to default iSCSI targets.
[[0;32m  OK  [0m] Started Pollinate to seed the pseudo random number generator.
[   39.255301] cloud-init[957]: |  o ++ +  ..= +  |
[[0;32m  OK  [0m] Started LSB: Record successful boot for GRUB.
[   39.421267] cloud-init[957]: | . == * S  o . + |
[[0;32m  OK  [0m] Started LSB: MD monitoring daemon.
[   39.528647] cloud-init[957]: |o +  O o      . .|
[[0;32m  OK  [0m] Started Login Service.
[   39.584931] cloud-init[957]: |.+  o o .      E |
[   39.612262] cloud-init[957]: |.  .   +        o|
[   39.628555] cloud-init[957]: |      o         .|
         Starting Authenticate and Authorize Users to Run Privileged Tasks...
[   39.645539] [cloud-init[0;32m  OK  [0m[957]: ] +----[SHA256]-----+Stopped OpenBSD Secure Shell server.

[   39.740387]          cloud-initStarting OpenBSD Secure Shell server...[957]: 
Generating public/private ecdsa key pair.
[   39.824975] [cloud-init[0;32m  OK  [0m[957]: ] Your identification has been saved in /etc/ssh/ssh_host_ecdsa_key.Reached target Remote File Systems (Pre).

[[0;32m  OK  [0m] Reached target Remote File Systems.
[   39.827499] cloud-init[957]: Your public key has been saved in /etc/ssh/ssh_host_ecdsa_key.pub.
[   39.900320]          cloud-initStarting LSB: daemon to balance interrupts for SMP systems...[957]: 
The key fingerprint is:
         Starting LSB: automatic crash report generation...
[   39.929687] cloud-init[957]: SHA256:ZLQwWLkF4lAs7xS6b0Zd/Q+SWNsFKV1jZEJaIyuorhg root@ubuntu-xenial
         Starting LSB: VirtualBox Linux Additions...
[   39.967365] cloud-init[957]: The key's randomart image is:
[   40.000486]          cloud-initStarting LSB: Set the CPU Frequency Scaling governor to "ondemand"...[957]: 
+---[ECDSA 256]---+
[   40.033216]          cloud-initStarting Permit User Sessions...[957]: 
|  .ooo=o. .o=+*  |
[   40.053110] [cloud-init[0;32m  OK  [0m[957]: ] |  .o+..=...=+= . |Started OpenBSD Secure Shell server.

[   40.053840] cloud-init[957]: |   +...o=.o. .   |
[   40.204607] [cloud-init[0;32m  OK  [0m[957]: ] |  . o..o..o   .  |Started Permit User Sessions.

[[0;32m  OK  [0m] Started Authenticate and Authorize Users to Run Privileged Tasks.
[   40.205520] cloud-init[957]: |   +.. .So = .   |
[   40.396882] [cloud-init[0;32m  OK  [0m[957]: ] |  ..o . . + +    |Started Accounts Service.

[   40.398175] cloud-init[957]: |E  o.      . o   |
[   40.536428] [cloud-init[0;32m  OK  [0m[957]: ] | o .+         .  |Created slice User Slice of ubuntu.

[   40.537138] cloud-init[957]: |. .o             |
[   40.605185] cloud-init[957]: +----[SHA256]-----+
[[0;32m  OK  [0m] Started Session 1 of user ubuntu.
[   40.630307] cloud-init[957]: Generating public/private ed25519 key pair.
[   40.704481] cloud-init[957]: Your identification has been saved in /etc/ssh/ssh_host_ed25519_key.
[   40.704828] cloud-init[957]: Your public key has been saved in /etc/ssh/ssh_host_ed25519_key.pub.
         Starting User Manager for UID 1000...
[   40.705354] cloud-init[957]: The key fingerprint is:
[   40.813578] cloud-init[957]: SHA256:7FLpb4ortjtdbi24/mCBkz+R07wVxw/aLBfhShuYzC0 root@ubuntu-xenial
         [   40.813903] Starting Hold until boot process finishes up...cloud-init
[957]: The key's randomart image is:
[   40.881179] cloud-init[957]: +--[ED25519 256]--+
[   40.881511] cloud-init[957]: |            .    |
         Starting Terminate Plymouth Boot Screen...
[   40.882622] cloud-init[957]: |       o + o .   |
[   40.976689] cloud-init[957]: |        E = *    |
[   40.977062] cloud-init[957]: |     o = + X +   |
[[0;32m  OK  [0m] Started User Manager for UID 1000.
[   40.977373] cloud-init[957]: |    + = S * + .  |
[   41.168658] cloud-init[957]: |     o B.o o     |
[   41.169283] cloud-init[957]: |     .*++.       |
[[0;32m  OK  [0m] Started Apply the settings specified in cloud-config.
[   41.169646] cloud-init[957]: |    +.o=+.o      |
[[   41.368745] cloud-init[957]: |   .o*==o+.      |
[   41.369758] cloud-init[957]: +----[SHA256]-----+
[0;32m  OK  [0m] Started LSB: daemon to balance interrupts for SMP systems.
[   41.374353] cloud-init[1080]: Generating locales (this might take a while)...
[[   41.608569] cloud-init[1080]:   en_US.UTF-8... done
[   41.609252] cloud-init[1080]: Generation complete.
[0;32m  OK  [0m] Started LSB: automatic crash report generation.
[   41.609532] cloud-init[1080]: Cloud-init v. 0.7.9 running 'modules:config' at Fri, 20 Oct 2017 21:45:59 +0000. Up 38.02 seconds.
[[0;32m  OK  [0m] Started LSB: VirtualBox Linux Additions.
[[0;32m  OK  [0m] Started LSB: Set the CPU Frequency Scaling governor to "ondemand".
[[0;32m  OK  [0m] Started Hold until boot process finishes up.
[[0;32m  OK  [0m] Started Terminate Plymouth Boot Screen.
[[0;32m  OK  [0m] Started Getty on tty1.
         Starting Set console scheme...
[[0;32m  OK  [0m] Started Serial Getty on ttyS0.
[[0;32m  OK  [0m] Reached target Login Prompts.
[[0;32m  OK  [0m] Reached target Multi-User System.
[[0;32m  OK  [0m] Reached target Graphical Interface.
         Starting Update UTMP about System Runlevel Changes...
         Starting Execute cloud user/final scripts...
[[0;32m  OK  [0m] Started Set console scheme.
[[0;32m  OK  [0m] Started Update UTMP about System Runlevel Changes.
ci-info: no authorized ssh keys fingerprints found for user ubuntu.
<14>Oct 20 21:46:04 ec2: 
<14>Oct 20 21:46:04 ec2: #############################################################
<14>Oct 20 21:46:04 ec2: -----BEGIN SSH HOST KEY FINGERPRINTS-----
<14>Oct 20 21:46:04 ec2: 1024 SHA256:lDr4mwVOshZThDDsqyFXaUrQNe9R9ldM57UOMp7d4x8 root@ubuntu-xenial (DSA)
<14>Oct 20 21:46:04 ec2: 256 SHA256:ZLQwWLkF4lAs7xS6b0Zd/Q+SWNsFKV1jZEJaIyuorhg root@ubuntu-xenial (ECDSA)
<14>Oct 20 21:46:04 ec2: 256 SHA256:7FLpb4ortjtdbi24/mCBkz+R07wVxw/aLBfhShuYzC0 root@ubuntu-xenial (ED25519)
<14>Oct 20 21:46:04 ec2: 2048 SHA256:nziRc88av9Pgx39aZyUUnaP2Tz3IvLy5Kh1JivgLeug root@ubuntu-xenial (RSA)
<14>Oct 20 21:46:04 ec2: -----END SSH HOST KEY FINGERPRINTS-----
<14>Oct 20 21:46:04 ec2: #############################################################
-----BEGIN SSH HOST KEY KEYS-----
ecdsa-sha2-nistp256 AAAAE2VjZHNhLXNoYTItbmlzdHAyNTYAAAAIbmlzdHAyNTYAAABBBMKp/10Ppg9gYZ8fC3ph4rg+whZgjmJ8EO3mKg/nSU+kkwEqGSTY2fg6ASqs4/nwtJg8dNI0WPhUoiAXKgXWCUo= root@ubuntu-xenial
ssh-ed25519 AAAAC3NzaC1lZDI1NTE5AAAAIKso4mCBOQFkVv1ezI+9abJb1K3ajrHIrFiWH7qmh8Ij root@ubuntu-xenial
ssh-rsa AAAAB3NzaC1yc2EAAAADAQABAAABAQCcrGgCrUBT4/VGrwjjvZ0W1xr1Yd+ToJJGcfvrS28yCLaKPIs1AWJ+Vb1Vc/XGwvXoqTMnuaqK0wOIM7c0dFBZcKWLn24CbmZkIxAqh6jvJ402ie7olUzwSgqKYRnABW74VGzduMky/+/S1Ph/MJtCubj/3eepyeGetsuZU+ARtKekDncmHNwuaLOVwa6gy74pv1ZJq9J3srvDKFhppjwwNkEHn4vFpq4H+fwp3ZrMOsweLUeKigC3QSly0LS5+PEXuWFXiMmD0KGdzQEkI+UBleuaVwNAWm4PuHS8lq34cU2w39378dkYEaj2kPnZhS06xnHzRxsgUqg17/p/Xpwp root@ubuntu-xenial
-----END SSH HOST KEY KEYS-----
[   43.580287] cloud-init[1333]: Cloud-init v. 0.7.9 running 'modules:final' at Fri, 20 Oct 2017 21:46:04 +0000. Up 42.80 seconds.
[   43.713218] cloud-init[1333]: ci-info: no authorized ssh keys fingerprints found for user ubuntu.
[   43.745659] cloud-init[1333]: Cloud-init v. 0.7.9 finished at Fri, 20 Oct 2017 21:46:04 +0000. Datasource DataSourceNoCloud [seed=/dev/sdb][dsmode=net].  Up 43.55 seconds
[[0;32m  OK  [0m] Started Execute cloud user/final scripts.
[[0;32m  OK  [0m] Reached target Cloud-init target.

Ubuntu 16.04.3 LTS ubuntu-xenial ttyS0

ubuntu-xenial login: 